{
  "budgets": [
    {
      "budget": "warm-enter-dispose-300-depth-2",
      "metric": "p95Ms",
      "max": 0.000001,
      "value": 0.3514590000000055,
      "ok": false
    },
    {
      "budget": "churn-10000-requests-liveEnvs",
      "metric": "liveEnvCountAfter",
      "max": 2,
      "value": 2,
      "ok": true
    },
    {
      "budget": "no-such-case",
      "metric": "p95Ms",
      "max": 1,
      "ok": false
    }
  ],
  "budgetsOk": false,
  "cases": [
    {
      "name": "warm-enter-dispose-100-depth-2",
      "p95Ms": 0.18070799999999565,
      "planCache": 4
    },
    {
      "name": "warm-enter-dispose-100-depth-6",
      "p95Ms": 0.1603330000000085,
      "planCache": 8
    },
    {
      "name": "warm-enter-dispose-300-depth-2",
      "p95Ms": 0.3514590000000055,
      "planCache": 4
    },
    {
      "name": "warm-enter-dispose-300-depth-6",
      "p95Ms": 0.3219169999999849,
      "planCache": 8
    },
    {
      "name": "phase-breakdown-300"
    },
    {
      "name": "site-enter-tenant-input-reverse-closure-200",
      "p95Ms": 0.2827079999999569,
      "planCache": 2
    },
    {
      "name": "bound-entry-private-range-enter-dispose",
      "p95Ms": 0.020499999999969987,
      "planCache": 2
    },
    {
      "name": "override-and-all-request-enter-dispose-100",
      "p95Ms": 0.15558399999997619
    },
    {
      "name": "churn-10000-requests",
      "planCache": 4
    },
    {
      "name": "lru-churn-500-shapes",
      "planCache": 16
    }
  ]
}
